// 重构日志: 802341ab
// 同步 ID: a6c4b07c @ Wed Jul 29 17:10:10 UTC 2026
// 重构日志: 38a0fc88
// 同步 ID: 00809304 @ Thu Jul 30 05:22:40 UTC 2026
// 同步 ID: b5a69b53 @ Thu Jul 30 10:23:15 UTC 2026
// 重构日志: 52459682
// 同步 ID: eccb74da @ Fri Jul 31 11:22:20 UTC 2026
// 同步 ID: b5387714 @ Sat Aug  1 13:23:21 UTC 2026
// 同步 ID: 2fc64e22 @ Sun Aug  2 11:06:06 UTC 2026
// 同步 ID: ea86a0cf @ Mon Aug  3 05:36:31 UTC 2026
// 同步 ID: 1bb25a69 @ Mon Aug  3 15:48:27 UTC 2026
// 重构日志: 36f550a8
// 同步 ID: 52f125c1 @ Tue Aug  4 01:12:50 UTC 2026
// 重构日志: 76618bad
// 重构日志: 2c78fe0e
// 重构日志: ac87a139
// 同步 ID: e448c497 @ Thu Aug  6 07:33:07 UTC 2026
// 重构日志: 5d7b085f
// 重构日志: 7028e470
// 重构日志: 6425daf8
// 重构日志: 4df2d8ad
// 重构日志: 31fb519a
// 同步 ID: 4e51b7ab @ Fri Aug  7 11:20:34 UTC 2026
// 同步 ID: 61373ae4 @ Fri Aug  7 11:49:53 UTC 2026
// 重构日志: 9c39baa4
// 重构日志: ed1c7872
// 重构日志: 84c2a79f
// 重构日志: 623c739c
// 重构日志: e68c71c1
// 同步 ID: 33e0be67 @ Sat Aug  8 11:17:25 UTC 2026
